https://vm.tiktok.com/ZMSnxfmEC/
https://vm.tiktok.com/ZMSWakLUd/ - download_v1: Failed to download any images
https://vm.tiktok.com/ZMSWabGYL/ - download_v1: Failed to download any images
https://vm.tiktok.com/ZMSnxfmEC/
https://vm.tiktok.com/ZMSnxfmEC/
https://vm.tiktok.com/ZMSnxfmEC/
https://vm.tiktok.com/ZMSnxfmEC/ - Invalid URL '/en': No scheme supplied. Perhaps you meant https:///en?
https://vm.tiktok.com/ZMSnxfmEC/ - Invalid URL '/en': No scheme supplied. Perhaps you meant https:///en?
